[translated]
module main

struct JNINativeInterface_ { 
	NewObject fn (&i8, ... voidptr) int
}
